Log opened: Wed Sep 26 18:38:15 2007
Log opened: Wed Sep 26 18:38:36 2007
Log opened: Wed Sep 26 18:38:44 2007
Log opened: Wed Sep 26 18:38:54 2007
Log opened: Wed Sep 26 18:39:02 2007
Wed Sep 26 18:39:02 2007 -- Compiling rawdata/strings/title.srt.sdr to ../data/strings/title.srt
Wed Sep 26 18:39:02 2007 -- Compiling rawdata/settings.sds.sdr to ../data/settings.sds
Log opened: Wed Sep 26 18:40:32 2007
Wed Sep 26 18:40:32 2007 -- Compiling rawdata/strings/title.sdt.sdr to ../data/strings/title.sdt
Wed Sep 26 18:40:32 2007 -- Compiling rawdata/settings.sds.sdr to ../data/settings.sds
Log opened: Wed Sep 26 18:42:22 2007
Wed Sep 26 18:42:22 2007 -- Compiling rawdata/strings/title.sdt.sdr to ../data/strings/title.sdt
Wed Sep 26 18:42:22 2007 -- Compiling rawdata/settings.sds.sdr to ../data/settings.sds
Log opened: Wed Sep 26 18:42:35 2007
Wed Sep 26 18:42:35 2007 -- Compiling rawdata/strings/title.sdt.sdr to ../data/strings/title.sdt
Wed Sep 26 18:42:35 2007 -- Compiling rawdata/settings.sds.sdr to ../data/settings.sds
Log opened: Wed Sep 26 18:43:24 2007
Wed Sep 26 18:43:24 2007 -- Compiling rawdata/strings/title.sdt.sdr to ../data/strings/title.sdt
Wed Sep 26 18:43:24 2007 -- Compiling rawdata/settings.sds.sdr to ../data/settings.sds
Log opened: Wed Sep 26 18:48:26 2007
Wed Sep 26 18:48:26 2007 -- Compiling rawdata/strings/title.sdt.sdr to ../data/strings/title.sdt
Wed Sep 26 18:48:26 2007 -- Compiling rawdata/settings.sds.sdr to ../data/settings.sds
Log opened: Wed Sep 26 18:50:35 2007
Wed Sep 26 18:50:35 2007 -- Compiling rawdata/strings/dialog/begin.sdt.sdr to ../data/strings/dialog/begin.sdt
Log opened: Wed Sep 26 18:50:57 2007
Wed Sep 26 18:50:57 2007 -- Compiling rawdata/strings/dialog/begin.sdt.sdr to ../data/strings/dialog/begin.sdt
Wed Sep 26 18:50:57 2007 -- Compiling rawdata/strings/title.sdt.sdr to ../data/strings/title.sdt
Wed Sep 26 18:50:57 2007 -- Compiling rawdata/settings.sds.sdr to ../data/settings.sds
Log opened: Wed Sep 26 18:55:04 2007
Wed Sep 26 18:55:04 2007 -- Compiling rawdata/strings/dialog/begin.copy.sdt.sdr to ../data/strings/dialog/begin.copy.sdt
Wed Sep 26 18:55:04 2007 -- Compiling rawdata/strings/dialog/begin.sdt.sdr to ../data/strings/dialog/begin.sdt
Wed Sep 26 18:55:04 2007 -- Compiling rawdata/strings/title.sdt.sdr to ../data/strings/title.sdt
Wed Sep 26 18:55:04 2007 -- Compiling rawdata/settings.sds.sdr to ../data/settings.sds
Log opened: Wed Sep 26 18:56:30 2007
Wed Sep 26 18:56:30 2007 -- Compiling rawdata/strings/dialog/begin.copy.sdt.sdr to ../data/strings/dialog/begin.copy.sdt
Wed Sep 26 18:56:30 2007 -- Compiling rawdata/strings/dialog/begin.sdt.sdr to ../data/strings/dialog/begin.sdt
Wed Sep 26 18:56:30 2007 -- Compiling rawdata/strings/title.sdt.sdr to ../data/strings/title.sdt
Wed Sep 26 18:56:30 2007 -- Compiling rawdata/settings.sds.sdr to ../data/settings.sds
Log opened: Wed Sep 26 18:56:56 2007
Wed Sep 26 18:56:56 2007 -- Compiling rawdata/strings/dialog/begin.copy.sdt.sdr to ../data/strings/dialog/begin.copy.sdt
Wed Sep 26 18:56:56 2007 -- Compiling rawdata/strings/dialog/begin.sdt.sdr to ../data/strings/dialog/begin.sdt
Wed Sep 26 18:56:56 2007 -- Compiling rawdata/strings/title.sdt.sdr to ../data/strings/title.sdt
Wed Sep 26 18:56:56 2007 -- Compiling rawdata/settings.sds.sdr to ../data/settings.sds
Log opened: Wed Sep 26 18:57:07 2007
Wed Sep 26 18:57:07 2007 -- Compiling rawdata/strings/dialog/begin.copy.sdt.sdr to ../data/strings/dialog/begin.copy.sdt
Wed Sep 26 18:57:07 2007 -- Compiling rawdata/strings/dialog/begin.sdt.sdr to ../data/strings/dialog/begin.sdt
Wed Sep 26 18:57:07 2007 -- Compiling rawdata/strings/title.sdt.sdr to ../data/strings/title.sdt
Wed Sep 26 18:57:07 2007 -- Compiling rawdata/settings.sds.sdr to ../data/settings.sds
Log opened: Wed Sep 26 18:57:24 2007
Wed Sep 26 18:57:24 2007 -- Compiling rawdata/strings/dialog/begin.copy.sdt.sdr to ../data/strings/dialog/begin.copy.sdt
Wed Sep 26 18:57:24 2007 -- Compiling rawdata/strings/dialog/begin.sdt.sdr to ../data/strings/dialog/begin.sdt
Wed Sep 26 18:57:24 2007 -- Compiling rawdata/strings/title.sdt.sdr to ../data/strings/title.sdt
Wed Sep 26 18:57:24 2007 -- Compiling rawdata/settings.sds.sdr to ../data/settings.sds
Log opened: Wed Sep 26 19:00:56 2007
Wed Sep 26 19:00:56 2007 -- Compiling rawdata/strings/dialog/begin.copy.sdt.sdr to ../data/strings/dialog/begin.copy.sdt
Wed Sep 26 19:00:56 2007 -- Compiling rawdata/strings/dialog/begin.sdt.sdr to ../data/strings/dialog/begin.sdt
Wed Sep 26 19:00:56 2007 -- Compiling rawdata/strings/title.sdt.sdr to ../data/strings/title.sdt
Wed Sep 26 19:00:56 2007 -- Compiling rawdata/settings.sds.sdr to ../data/settings.sds
Log opened: Wed Sep 26 19:12:58 2007
Log opened: Wed Sep 26 19:13:44 2007
Wed Sep 26 19:13:44 2007 -- Compiling rawdata/monsters/zombie_demon.sdm.sdr to ../data/monsters/zombie_demon.sdm
Wed Sep 26 19:13:44 2007 -- Compiling rawdata/strings/dialog/begin.copy.sdt.sdr to ../data/strings/dialog/begin.copy.sdt
Wed Sep 26 19:13:44 2007 -- Compiling rawdata/strings/dialog/begin.sdt.sdr to ../data/strings/dialog/begin.sdt
Wed Sep 26 19:13:44 2007 -- Compiling rawdata/strings/title.sdt.sdr to ../data/strings/title.sdt
Wed Sep 26 19:13:44 2007 -- Compiling rawdata/settings.sds.sdr to ../data/settings.sds
Log opened: Wed Sep 26 19:14:46 2007
Wed Sep 26 19:14:46 2007 -- Compiling rawdata/monsters/zombie_demon.sdm.sdr to ../data/monsters/zombie_demon.sdm
Wed Sep 26 19:14:46 2007 -- Compiling rawdata/strings/dialog/begin.copy.sdt.sdr to ../data/strings/dialog/begin.copy.sdt
Wed Sep 26 19:14:46 2007 -- Compiling rawdata/strings/dialog/begin.sdt.sdr to ../data/strings/dialog/begin.sdt
Wed Sep 26 19:14:46 2007 -- Compiling rawdata/strings/title.sdt.sdr to ../data/strings/title.sdt
Wed Sep 26 19:14:46 2007 -- Compiling rawdata/settings.sds.sdr to ../data/settings.sds
Log opened: Wed Sep 26 19:16:34 2007
Wed Sep 26 19:16:34 2007 -- Compiling rawdata/monsters/zombie_demon.sdm.sdr to ../data/monsters/zombie_demon.sdm
Wed Sep 26 19:16:34 2007 -- Compiling rawdata/strings/dialog/begin.copy.sdt.sdr to ../data/strings/dialog/begin.copy.sdt
Wed Sep 26 19:16:34 2007 -- Compiling rawdata/strings/dialog/begin.sdt.sdr to ../data/strings/dialog/begin.sdt
Wed Sep 26 19:16:34 2007 -- Compiling rawdata/strings/title.sdt.sdr to ../data/strings/title.sdt
Wed Sep 26 19:16:34 2007 -- Compiling rawdata/settings.sds.sdr to ../data/settings.sds
Log opened: Wed Sep 26 19:17:51 2007
Wed Sep 26 19:17:51 2007 -- Compiling rawdata/monsters/zombie_demon.sdm.sdr to ../data/monsters/zombie_demon.sdm
Wed Sep 26 19:17:51 2007 -- Compiling rawdata/strings/dialog/begin.copy.sdt.sdr to ../data/strings/dialog/begin.copy.sdt
Wed Sep 26 19:17:51 2007 -- Compiling rawdata/strings/dialog/begin.sdt.sdr to ../data/strings/dialog/begin.sdt
Wed Sep 26 19:17:51 2007 -- Compiling rawdata/strings/title.sdt.sdr to ../data/strings/title.sdt
Wed Sep 26 19:17:51 2007 -- Compiling rawdata/settings.sds.sdr to ../data/settings.sds
Log opened: Wed Sep 26 19:19:22 2007
Wed Sep 26 19:19:22 2007 -- Compiling rawdata/monsters/zombie_demon.sdm.sdr to ../data/monsters/zombie_demon.sdm
Log opened: Wed Sep 26 19:19:54 2007
Wed Sep 26 19:19:54 2007 -- Compiling rawdata/monsters/zombie_demon.sdm.sdr to ../data/monsters/zombie_demon.sdm
Log opened: Wed Sep 26 19:20:17 2007
Wed Sep 26 19:20:18 2007 -- Compiling rawdata/monsters/zombie_demon.sdm.sdr to ../data/monsters/zombie_demon.sdm
Log opened: Wed Sep 26 19:20:30 2007
Wed Sep 26 19:20:30 2007 -- Compiling rawdata/monsters/zombie_demon.sdm.sdr to ../data/monsters/zombie_demon.sdm
Wed Sep 26 19:20:30 2007 -- Compiling rawdata/strings/dialog/begin.copy.sdt.sdr to ../data/strings/dialog/begin.copy.sdt
Wed Sep 26 19:20:30 2007 -- Compiling rawdata/strings/dialog/begin.sdt.sdr to ../data/strings/dialog/begin.sdt
Wed Sep 26 19:20:30 2007 -- Compiling rawdata/strings/title.sdt.sdr to ../data/strings/title.sdt
Wed Sep 26 19:20:30 2007 -- Compiling rawdata/settings.sds.sdr to ../data/settings.sds
Log opened: Wed Sep 26 19:22:49 2007
Wed Sep 26 19:22:49 2007 -- Compiling rawdata/monsters/zombie_demon.sdm.sdr to ../data/monsters/zombie_demon.sdm
Log opened: Wed Sep 26 19:25:53 2007
Wed Sep 26 19:25:53 2007 -- Compiling rawdata/monsters/zombie_demon.sdm.sdr to ../data/monsters/zombie_demon.sdm
Log opened: Wed Sep 26 19:26:08 2007
Wed Sep 26 19:26:08 2007 -- Compiling rawdata/monsters/zombie_demon.sdm.sdr to ../data/monsters/zombie_demon.sdm
Log opened: Wed Sep 26 19:26:31 2007
Wed Sep 26 19:26:31 2007 -- Compiling rawdata/monsters/zombie_demon.sdm.sdr to ../data/monsters/zombie_demon.sdm
Log opened: Wed Sep 26 19:28:17 2007
Wed Sep 26 19:28:17 2007 -- Compiling rawdata/monsters/zombie_demon.sdm.sdr to ../data/monsters/zombie_demon.sdm
Wed Sep 26 19:28:17 2007 -- Compiling rawdata/strings/dialog/begin.copy.sdt.sdr to ../data/strings/dialog/begin.copy.sdt
Wed Sep 26 19:28:17 2007 -- Compiling rawdata/strings/dialog/begin.sdt.sdr to ../data/strings/dialog/begin.sdt
Wed Sep 26 19:28:17 2007 -- Compiling rawdata/strings/title.sdt.sdr to ../data/strings/title.sdt
Wed Sep 26 19:28:17 2007 -- Compiling rawdata/settings.sds.sdr to ../data/settings.sds
Log opened: Wed Sep 26 19:29:45 2007
Wed Sep 26 19:29:45 2007 -- Compiling rawdata/monsters/zombie_demon.sdm.sdr to ../data/monsters/zombie_demon.sdm
Wed Sep 26 19:29:45 2007 -- Compiling rawdata/strings/dialog/begin.copy.sdt.sdr to ../data/strings/dialog/begin.copy.sdt
Wed Sep 26 19:29:45 2007 -- Compiling rawdata/strings/dialog/begin.sdt.sdr to ../data/strings/dialog/begin.sdt
Wed Sep 26 19:29:45 2007 -- Compiling rawdata/strings/title.sdt.sdr to ../data/strings/title.sdt
Wed Sep 26 19:29:45 2007 -- Compiling rawdata/settings.sds.sdr to ../data/settings.sds
Log opened: Wed Sep 26 19:31:41 2007
Wed Sep 26 19:31:41 2007 -- Compiling rawdata/monsters/zombie_demon.sdm.sdr to ../data/monsters/zombie_demon.sdm
Wed Sep 26 19:31:41 2007 -- Compiling rawdata/strings/dialog/begin.copy.sdt.sdr to ../data/strings/dialog/begin.copy.sdt
Wed Sep 26 19:31:41 2007 -- Compiling rawdata/strings/dialog/begin.sdt.sdr to ../data/strings/dialog/begin.sdt
Wed Sep 26 19:31:41 2007 -- Compiling rawdata/strings/title.sdt.sdr to ../data/strings/title.sdt
Wed Sep 26 19:31:41 2007 -- Compiling rawdata/settings.sds.sdr to ../data/settings.sds
Log opened: Wed Sep 26 19:32:09 2007
Wed Sep 26 19:32:09 2007 -- Compiling rawdata/monsters/zombie_demon.sdm.sdr to ../data/monsters/zombie_demon.sdm
Wed Sep 26 19:32:09 2007 -- Compiling rawdata/strings/dialog/begin.copy.sdt.sdr to ../data/strings/dialog/begin.copy.sdt
Wed Sep 26 19:32:09 2007 -- Compiling rawdata/strings/dialog/begin.sdt.sdr to ../data/strings/dialog/begin.sdt
Wed Sep 26 19:32:09 2007 -- Compiling rawdata/strings/title.sdt.sdr to ../data/strings/title.sdt
Wed Sep 26 19:32:09 2007 -- Compiling rawdata/settings.sds.sdr to ../data/settings.sds
Log opened: Wed Sep 26 19:32:34 2007
Wed Sep 26 19:32:34 2007 -- Compiling rawdata/monsters/zombie_demon.sdm.sdr to ../data/monsters/zombie_demon.sdm
Wed Sep 26 19:32:34 2007 -- Compiling rawdata/strings/dialog/begin.copy.sdt.sdr to ../data/strings/dialog/begin.copy.sdt
Wed Sep 26 19:32:34 2007 -- Compiling rawdata/strings/dialog/begin.sdt.sdr to ../data/strings/dialog/begin.sdt
Wed Sep 26 19:32:34 2007 -- Compiling rawdata/strings/title.sdt.sdr to ../data/strings/title.sdt
Wed Sep 26 19:32:34 2007 -- Compiling rawdata/settings.sds.sdr to ../data/settings.sds
Log opened: Wed Sep 26 19:32:54 2007
Wed Sep 26 19:32:54 2007 -- Compiling rawdata/monsters/zombie_demon.sdm.sdr to ../data/monsters/zombie_demon.sdm
Log opened: Wed Sep 26 19:33:50 2007
Wed Sep 26 19:33:50 2007 -- Compiling rawdata/monsters/zombie_demon.sdm.sdr to ../data/monsters/zombie_demon.sdm
Wed Sep 26 19:33:50 2007 -- Compiling rawdata/strings/dialog/begin.copy.sdt.sdr to ../data/strings/dialog/begin.copy.sdt
Wed Sep 26 19:33:50 2007 -- Compiling rawdata/strings/dialog/begin.sdt.sdr to ../data/strings/dialog/begin.sdt
Wed Sep 26 19:33:50 2007 -- Compiling rawdata/strings/title.sdt.sdr to ../data/strings/title.sdt
Wed Sep 26 19:33:50 2007 -- Compiling rawdata/settings.sds.sdr to ../data/settings.sds
Log opened: Wed Sep 26 19:36:11 2007
Wed Sep 26 19:36:11 2007 -- Compiling rawdata/monsters/zombie_demon.sdm.sdr to ../data/monsters/zombie_demon.sdm
Wed Sep 26 19:36:11 2007 -- Compiling rawdata/strings/dialog/begin.copy.sdt.sdr to ../data/strings/dialog/begin.copy.sdt
Wed Sep 26 19:36:11 2007 -- Compiling rawdata/strings/dialog/begin.sdt.sdr to ../data/strings/dialog/begin.sdt
Wed Sep 26 19:36:11 2007 -- Compiling rawdata/strings/title.sdt.sdr to ../data/strings/title.sdt
Wed Sep 26 19:36:11 2007 -- Compiling rawdata/settings.sds.sdr to ../data/settings.sds
Log opened: Wed Sep 26 19:36:37 2007
Wed Sep 26 19:36:37 2007 -- Compiling rawdata/monsters/zombie_demon.sdm.sdr to ../data/monsters/zombie_demon.sdm
Log opened: Wed Sep 26 19:38:28 2007
Wed Sep 26 19:38:28 2007 -- Compiling rawdata/monsters/zombie_demon.sdm.sdr to ../data/monsters/zombie_demon.sdm
Wed Sep 26 19:38:28 2007 -- Compiling rawdata/strings/dialog/begin.copy.sdt.sdr to ../data/strings/dialog/begin.copy.sdt
Wed Sep 26 19:38:28 2007 -- Compiling rawdata/strings/dialog/begin.sdt.sdr to ../data/strings/dialog/begin.sdt
Wed Sep 26 19:38:28 2007 -- Compiling rawdata/strings/title.sdt.sdr to ../data/strings/title.sdt
Wed Sep 26 19:38:28 2007 -- Compiling rawdata/settings.sds.sdr to ../data/settings.sds
Log opened: Wed Sep 26 19:48:06 2007
Wed Sep 26 19:48:06 2007 -- Compiling rawdata/monsters/zombie_demon.sdm.sdr to ../data/monsters/zombie_demon.sdm
Wed Sep 26 19:48:06 2007 -- Compiling rawdata/strings/dialog/begin.copy.sdt.sdr to ../data/strings/dialog/begin.copy.sdt
Wed Sep 26 19:48:06 2007 -- Compiling rawdata/strings/dialog/begin.sdt.sdr to ../data/strings/dialog/begin.sdt
Wed Sep 26 19:48:06 2007 -- Compiling rawdata/strings/title.sdt.sdr to ../data/strings/title.sdt
Wed Sep 26 19:48:06 2007 -- Compiling rawdata/settings.sds.sdr to ../data/settings.sds
